[INFO] Scanning for projects...
[ERROR] [ERROR] Some problems were encountered while processing the POMs:
[FATAL] Non-parseable POM /Users/kanten/vswork/MyNocoBase/nocobase-data/pom.xml: Duplicated tag: 'dependencies' (position: START_TAG seen ...</dependencies>\n\n    <dependencies>... @39:19)  @ line 39, column 19
 @ 
[ERROR] The build could not read 1 project -> [Help 1]
[ERROR]   
[ERROR]   The project  (/Users/kanten/vswork/MyNocoBase/nocobase-data/pom.xml) has 1 error
[ERROR]     Non-parseable POM /Users/kanten/vswork/MyNocoBase/nocobase-data/pom.xml: Duplicated tag: 'dependencies' (position: START_TAG seen ...</dependencies>\n\n    <dependencies>... @39:19)  @ line 39, column 19 -> [Help 2]
[ERROR] 
[ERROR] To see the full stack trace of the errors, re-run Maven with the -e switch.
[ERROR] Re-run Maven using the -X switch to enable full debug logging.
[ERROR] 
[ERROR] For more information about the errors and possible solutions, please read the following articles:
[ERROR] [Help 1] http://cwiki.apache.org/confluence/display/MAVEN/ProjectBuildingException
[ERROR] [Help 2] http://cwiki.apache.org/confluence/display/MAVEN/ModelParseException
